------------------------------------------------------------
TimeQuest Timing Analyzer Summary
------------------------------------------------------------

Type  : Slow 1100mV 85C Model Setup 'CLK'
Slack : 14.7
TNS   : 0.000

Type  : Slow 1100mV 85C Model Hold 'CLK'
Slack : 0.3
TNS   : 0.000

Type  : Slow 1100mV 85C Model Minimum Pulse Width 'CLK'
Slack : 9.4
TNS   : 0.000

Type  : Slow 1100mV 0C Model Setup 'CLK'
Slack : 14.8
TNS   : 0.000

Type  : Slow 1100mV 0C Model Hold 'CLK'
Slack : 0.3
TNS   : 0.000

Type  : Slow 1100mV 0C Model Minimum Pulse Width 'CLK'
Slack : 9.3
TNS   : 0.000

Type  : Fast 1100mV 85C Model Setup 'CLK'
Slack : 17.1
TNS   : 0.000

Type  : Fast 1100mV 85C Model Hold 'CLK'
Slack : 0.2
TNS   : 0.000

Type  : Fast 1100mV 85C Model Minimum Pulse Width 'CLK'
Slack : 9.4
TNS   : 0.000

Type  : Fast 1100mV 0C Model Setup 'CLK'
Slack : 17.3
TNS   : 0.000

Type  : Fast 1100mV 0C Model Hold 'CLK'
Slack : 0.2
TNS   : 0.000

Type  : Fast 1100mV 0C Model Minimum Pulse Width 'CLK'
Slack : 9.4
TNS   : 0.000

------------------------------------------------------------
